Notas relacionadas ao curso de Git e GitHub

SHA1:
Secure Hash Algorithm
encripta dados com conjunto de 40 dígitos únicos
se mudar uma vírgula, muda o código
se voltar a vírgula, volta o código

Elementos do Git:
Blob - guarda metadados do SHA1 de um arquivo
tree - armazena blobs e nome dos arquivos e o SHA1 da tree
commit - aponta para árvore, parente, autor, mensagem, possuem SHA1 de toda a informação dentro dele (possui uma linha do tempo 'timestamp')

Seguro porque toda alteração é claramente vista por todos.



*****GitHub - Chave SSH e Tokens*****

SSH: conexão segura e confiável entre duas partes - pública fica salva pelo GitHub.

Token de acesso pessoal: gerado e usado no lugar de usuário e senha



****Comandos Git****
$ git init

$ git config --global user.email "guilhermekremer@gmail.com"
v
$ git config --global user.name Kremer

$ git add *

$ git commit -m "commit inicial"


****Ciclo de vida Git****

Untracked > Staged
Modified / Unmodified

pull and push

$ mv shimeji.md /receitas
mv: cannot move 'shimeji.md' to '/receitas': Permission denied

Corinha e Guizo@Nitro-5 MINGW64 /c/workspace/livro-receitas (master)
$ ls
README.md  receitas/

Corinha e Guizo@Nitro-5 MINGW64 /c/workspace/livro-receitas (master)
$ git remote add origin https://github.com/DerKremer/livro-receitas.git

Corinha e Guizo@Nitro-5 MINGW64 /c/workspace/livro-receitas (master)
$ git status
On branch master
Changes not staged for commit:
  (use "git add/rm <file>..." to update what will be committed)
  (use "git restore <file>..." to discard changes in working directory)
        deleted:    shimeji.md

Untracked files:
  (use "git add <file>..." to include in what will be committed)
        receitas/

no changes added to commit (use "git add" and/or "git commit -a")

Corinha e Guizo@Nitro-5 MINGW64 /c/workspace/livro-receitas (master)
$ git add *

Corinha e Guizo@Nitro-5 MINGW64 /c/workspace/livro-receitas (master)
$ git add *

Corinha e Guizo@Nitro-5 MINGW64 /c/workspace/livro-receitas (master)
$ git status
On branch master
Changes to be committed:
  (use "git restore --staged <file>..." to unstage)
        new file:   receitas/shimeji.md

Changes not staged for commit:
  (use "git add/rm <file>..." to update what will be committed)
  (use "git restore <file>..." to discard changes in working directory)
        deleted:    shimeji.md


Corinha e Guizo@Nitro-5 MINGW64 /c/workspace/livro-receitas (master)
$ git add/rm *
git: 'add/rm' is not a git command. See 'git --help'.

Corinha e Guizo@Nitro-5 MINGW64 /c/workspace/livro-receitas (master)
$ git rm shimeji.md
rm 'shimeji.md'

Corinha e Guizo@Nitro-5 MINGW64 /c/workspace/livro-receitas (master)
$ git status
On branch master
Changes to be committed:
  (use "git restore --staged <file>..." to unstage)
        renamed:    shimeji.md -> receitas/shimeji.md


Corinha e Guizo@Nitro-5 MINGW64 /c/workspace/livro-receitas (master)
$ git commit "mover receita para pasta"
error: pathspec 'mover receita para pasta' did not match any file(s) known to git

Corinha e Guizo@Nitro-5 MINGW64 /c/workspace/livro-receitas (master)
$ git commit -m "mover receita para pasta"
[master beb9c68] mover receita para pasta
 1 file changed, 0 insertions(+), 0 deletions(-)
 rename shimeji.md => receitas/shimeji.md (100%)

Corinha e Guizo@Nitro-5 MINGW64 /c/workspace/livro-receitas (master)
$ git status
On branch master
nothing to commit, working tree clean

Corinha e Guizo@Nitro-5 MINGW64 /c/workspace/livro-receitas (master)
$ git push origin master
Enumerating objects: 8, done.
Counting objects: 100% (8/8), done.
Delta compression using up to 8 threads
Compressing objects: 100% (6/6), done.
Writing objects: 100% (8/8), 1.04 KiB | 1.04 MiB/s, done.
Total 8 (delta 0), reused 0 (delta 0), pack-reused 0
To https://github.com/DerKremer/livro-receitas.git
 * [new branch]      master -> master

Corinha e Guizo@Nitro-5 MINGW64 /c/workspace/livro-receitas (master)
$ git fetch origin master
From https://github.com/DerKremer/livro-receitas
 * branch            master     -> FETCH_HEAD

Corinha e Guizo@Nitro-5 MINGW64 /c/workspace/livro-receitas (master)
$ git status
On branch master
nothing to commit, working tree clean
